
> frontend@0.0.0 build
> tsc -b && vite build

src/components/Sidebar.tsx(2,32): error TS6133: 'Cpu' is declared but its value is never read.
src/components/Sidebar.tsx(5,1): error TS6133: 'motion' is declared but its value is never read.
src/pages/CandidateDetail.tsx(8,5): error TS6133: 'DialogDescription' is declared but its value is never read.
src/pages/CandidateDetail.tsx(9,5): error TS6133: 'DialogHeader' is declared but its value is never read.
src/pages/CandidateDetail.tsx(10,5): error TS6133: 'DialogTitle' is declared but its value is never read.
src/pages/CandidateDetail.tsx(12,1): error TS6133: 'Textarea' is declared but its value is never read.
src/pages/CandidateDetail.tsx(20,5): error TS6133: 'Check' is declared but its value is never read.
src/pages/CandidateDetail.tsx(24,5): error TS6133: 'Linkedin' is declared but its value is never read.
src/pages/CandidateDetail.tsx(25,5): error TS6133: 'Factory' is declared but its value is never read.
src/pages/CandidateDetail.tsx(26,5): error TS6133: 'Microscope' is declared but its value is never read.
src/pages/CandidateDetail.tsx(27,5): error TS6133: 'Clipboard' is declared but its value is never read.
src/pages/CandidateDetail.tsx(29,5): error TS6133: 'Mic' is declared but its value is never read.
src/pages/CandidateDetail.tsx(30,5): error TS6133: 'Tag' is declared but its value is never read.
src/pages/CandidateDetail.tsx(32,5): error TS6133: 'ThumbsDown' is declared but its value is never read.
src/pages/CandidateDetail.tsx(33,5): error TS6133: 'PauseCircle' is declared but its value is never read.
src/pages/CandidateDetail.tsx(34,5): error TS6133: 'Briefcase' is declared but its value is never read.
src/pages/CandidateDetail.tsx(35,5): error TS6133: 'Info' is declared but its value is never read.
src/pages/CandidateDetail.tsx(36,5): error TS6133: 'ChevronsRight' is declared but its value is never read.
src/pages/CandidateDetail.tsx(37,5): error TS6133: 'Search' is declared but its value is never read.
src/pages/CandidateDetail.tsx(40,5): error TS6133: 'Pencil' is declared but its value is never read.
src/pages/CandidateDetail.tsx(41,5): error TS6133: 'Trash2' is declared but its value is never read.
src/pages/CandidateDetail.tsx(48,1): error TS6192: All imports in import declaration are unused.
src/pages/CandidateDetail.tsx(62,9): error TS6133: 'removeCandidate' is declared but its value is never read.
src/pages/CandidateDetail.tsx(65,12): error TS6133: 'notes' is declared but its value is never read.
src/pages/CandidateDetail.tsx(66,12): error TS6133: 'notesSaved' is declared but its value is never read.
src/pages/CandidateDetail.tsx(70,12): error TS6133: 'schedulingSuccess' is declared but its value is never read.
src/pages/CandidateDetail.tsx(72,12): error TS6133: 'scorecards' is declared but its value is never read.
src/pages/CandidateDetail.tsx(73,12): error TS6133: 'scorecardsLoading' is declared but its value is never read.
src/pages/CandidateDetail.tsx(74,12): error TS6133: 'synthesis' is declared but its value is never read.
src/pages/CandidateDetail.tsx(75,12): error TS6133: 'synthesisLoading' is declared but its value is never read.
src/pages/CandidateDetail.tsx(104,11): error TS6133: 'handleSaveNotes' is declared but its value is never read.
src/pages/CandidateDetail.tsx(106,11): error TS6133: 'handleOpenScheduling' is declared but its value is never read.
src/pages/CandidateDetail.tsx(139,11): error TS6133: 'handleSynthesize' is declared but its value is never read.
src/pages/Dashboard.tsx(5,5): error TS6133: 'Users' is declared but its value is never read.
src/pages/Dashboard.tsx(7,5): error TS6133: 'BarChart3' is declared but its value is never read.
src/pages/Dashboard.tsx(8,5): error TS6133: 'Zap' is declared but its value is never read.
src/pages/History.tsx(4,1): error TS6192: All imports in import declaration are unused.
src/pages/Interviews.tsx(4,1): error TS6192: All imports in import declaration are unused.
src/pages/Interviews.tsx(23,5): error TS6133: 'Target' is declared but its value is never read.
src/pages/Interviews.tsx(27,5): error TS6133: 'CheckCircle2' is declared but its value is never read.
src/pages/Interviews.tsx(29,5): error TS6133: 'Mail' is declared but its value is never read.
src/pages/Interviews.tsx(31,5): error TS6133: 'ChevronRight' is declared but its value is never read.
src/pages/JobSetup.tsx(4,31): error TS6196: 'WeightedSkill' is declared but never used.
src/pages/JobSetup.tsx(7,1): error TS6133: 'Textarea' is declared but its value is never read.
src/pages/JobSetup.tsx(8,1): error TS6133: 'Switch' is declared but its value is never read.
src/pages/JobSetup.tsx(22,5): error TS6133: 'Plus' is declared but its value is never read.
src/pages/JobSetup.tsx(24,5): error TS6133: 'Briefcase' is declared but its value is never read.
src/pages/JobSetup.tsx(27,5): error TS6133: 'AlertCircle' is declared but its value is never read.
src/pages/JobSetup.tsx(385,101): error TS2304: Cannot find name 'Users'.
src/pages/Landing.tsx(2,43): error TS6133: 'AnimatePresence' is declared but its value is never read.
src/pages/Landing.tsx(4,5): error TS6133: 'Users' is declared but its value is never read.
src/pages/Landing.tsx(5,5): error TS6133: 'Zap' is declared but its value is never read.
src/pages/Landing.tsx(7,5): error TS6133: 'Globe' is declared but its value is never read.
src/pages/Landing.tsx(13,5): error TS6133: 'BarChart3' is declared but its value is never read.
src/pages/Landing.tsx(14,5): error TS6133: 'Cpu' is declared but its value is never read.
src/pages/Landing.tsx(16,5): error TS6133: 'Activity' is declared but its value is never read.
src/pages/Landing.tsx(19,5): error TS6133: 'Lock' is declared but its value is never read.
src/pages/Pipeline.tsx(4,1): error TS6192: All imports in import declaration are unused.
src/pages/Pipeline.tsx(13,5): error TS6133: 'Activity' is declared but its value is never read.
src/pages/Pipeline.tsx(16,5): error TS6133: 'Filter' is declared but its value is never read.
src/pages/Profile.tsx(2,1): error TS6192: All imports in import declaration are unused.
src/pages/Settings.tsx(2,1): error TS6192: All imports in import declaration are unused.
src/pages/Settings.tsx(6,78): error TS6133: 'Key' is declared but its value is never read.
src/pages/Settings.tsx(10,11): error TS6133: 'user' is declared but its value is never read.
src/pages/Shortlist.tsx(28,5): error TS6133: 'RotateCcw' is declared but its value is never read.
src/pages/Shortlist.tsx(30,5): error TS6133: 'Sparkles' is declared but its value is never read.
src/pages/Shortlist.tsx(31,5): error TS6133: 'AlertCircle' is declared but its value is never read.
src/pages/Shortlist.tsx(32,5): error TS6133: 'Check' is declared but its value is never read.
src/pages/Shortlist.tsx(36,5): error TS6133: 'Trophy' is declared but its value is never read.
src/pages/Shortlist.tsx(38,5): error TS6133: 'Target' is declared but its value is never read.
src/pages/Shortlist.tsx(56,9): error TS6133: 'restoreCandidate' is declared but its value is never read.
